[phpstack-127012-364689.cloudwaysapps.com/meshjobs/mesh/signup.html]
[backblue.gif]
[fade.gif]
[index.html]
[phpstack-127012-364689.cloudwaysapps.com/meshjobs/mesh/css/main.css]
[phpstack-127012-364689.cloudwaysapps.com/meshjobs/mesh/images/favicon.png]
[phpstack-127012-364689.cloudwaysapps.com/meshjobs/mesh/index.html]
[phpstack-127012-364689.cloudwaysapps.com/meshjobs/mesh/images/logo.png]
[phpstack-127012-364689.cloudwaysapps.com/meshjobs/mesh/jobs.html]
[phpstack-127012-364689.cloudwaysapps.com/meshjobs/mesh/jobs_location.html]
[phpstack-127012-364689.cloudwaysapps.com/meshjobs/mesh/job_detail.html]
[phpstack-127012-364689.cloudwaysapps.com/meshjobs/mesh/post_job.html]
[phpstack-127012-364689.cloudwaysapps.com/meshjobs/mesh/post_resume.html]
[phpstack-127012-364689.cloudwaysapps.com/meshjobs/mesh/resume_preview.html]
[phpstack-127012-364689.cloudwaysapps.com/meshjobs/mesh/choose_package.html]
[phpstack-127012-364689.cloudwaysapps.com/meshjobs/mesh/cart.html]
[phpstack-127012-364689.cloudwaysapps.com/meshjobs/mesh/candidates.html]
[phpstack-127012-364689.cloudwaysapps.com/meshjobs/mesh/candidates_detail.html]
[phpstack-127012-364689.cloudwaysapps.com/meshjobs/mesh/blog_fullwidth.html]
[phpstack-127012-364689.cloudwaysapps.com/meshjobs/mesh/blog_sidebar.html]
[phpstack-127012-364689.cloudwaysapps.com/meshjobs/mesh/blog_single.html]
[phpstack-127012-364689.cloudwaysapps.com/meshjobs/mesh/gallery.html]
[phpstack-127012-364689.cloudwaysapps.com/meshjobs/mesh/team.html]
[phpstack-127012-364689.cloudwaysapps.com/meshjobs/mesh/work.html]
[phpstack-127012-364689.cloudwaysapps.com/meshjobs/mesh/companies.html]
[phpstack-127012-364689.cloudwaysapps.com/meshjobs/mesh/contact.html]
[phpstack-127012-364689.cloudwaysapps.com/meshjobs/mesh/shop_index.html]
[phpstack-127012-364689.cloudwaysapps.com/meshjobs/mesh/product.html]
[phpstack-127012-364689.cloudwaysapps.com/meshjobs/mesh/product_single.html]
[phpstack-127012-364689.cloudwaysapps.com/meshjobs/mesh/create_account.html]
[phpstack-127012-364689.cloudwaysapps.com/meshjobs/mesh/freelancer_account.html]
[phpstack-127012-364689.cloudwaysapps.com/meshjobs/mesh/login.html]
[phpstack-127012-364689.cloudwaysapps.com/meshjobs/mesh/error.html]
[phpstack-127012-364689.cloudwaysapps.com/meshjobs/mesh/images/signup_bg1.png]
[phpstack-127012-364689.cloudwaysapps.com/meshjobs/mesh/images/signup_bg2.png]
[phpstack-127012-364689.cloudwaysapps.com/meshjobs/mesh/images/close.png]
[phpstack-127012-364689.cloudwaysapps.com/meshjobs/mesh/images/icon-mail.png]
[phpstack-127012-364689.cloudwaysapps.com/meshjobs/mesh/js/bootstrap.js]
[phpstack-127012-364689.cloudwaysapps.com/meshjobs/mesh/js/modernizr.custom.js]
[phpstack-127012-364689.cloudwaysapps.com/meshjobs/mesh/js/jquery-1.11.3.min.js]
[phpstack-127012-364689.cloudwaysapps.com/meshjobs/mesh/js/plugins/rsslider/jquery.themepunch.revolution.min.js]
[phpstack-127012-364689.cloudwaysapps.com/meshjobs/mesh/js/plugins/rsslider/jquery.themepunch.tools.min.js]
[phpstack-127012-364689.cloudwaysapps.com/meshjobs/mesh/js/plugins/rsslider/revolution.extension.parallax.min.js]
[phpstack-127012-364689.cloudwaysapps.com/meshjobs/mesh/js/plugins/rsslider/revolution.extension.slideanims.min.js]
[phpstack-127012-364689.cloudwaysapps.com/meshjobs/mesh/js/plugins/countto/jquery.countTo.js]
[phpstack-127012-364689.cloudwaysapps.com/meshjobs/mesh/js/plugins/owl/owl.carousel.js]
[phpstack-127012-364689.cloudwaysapps.com/meshjobs/mesh/js/plugins/bootstrap-slider/bootstrap-slider.js]
[phpstack-127012-364689.cloudwaysapps.com/meshjobs/mesh/js/plugins/fancybox/jquery.fancybox.js]
[phpstack-127012-364689.cloudwaysapps.com/meshjobs/mesh/js/plugins/fancybox/jquery.fancybox.pack.js]
[phpstack-127012-364689.cloudwaysapps.com/meshjobs/mesh/js/plugins/isotop/isotope.pkgd.js]
[phpstack-127012-364689.cloudwaysapps.com/meshjobs/mesh/js/plugins/ckeditor/adapters/jquery.js]
[phpstack-127012-364689.cloudwaysapps.com/meshjobs/mesh/signup.html]
[phpstack-127012-364689.cloudwaysapps.com/meshjobs/mesh/js/custom.js]
[phpstack-127012-364689.cloudwaysapps.com/meshjobs/mesh/css/bootstrap.css]
[phpstack-127012-364689.cloudwaysapps.com/meshjobs/mesh/css/font-awesome.css]
[phpstack-127012-364689.cloudwaysapps.com/meshjobs/mesh/css/fonts.css]
[phpstack-127012-364689.cloudwaysapps.com/meshjobs/mesh/css/animate.css]
[phpstack-127012-364689.cloudwaysapps.com/meshjobs/mesh/js/plugins/fancybox/jquery.fancybox.css]
[phpstack-127012-364689.cloudwaysapps.com/meshjobs/mesh/js/plugins/rsslider/settings.css]
[phpstack-127012-364689.cloudwaysapps.com/meshjobs/mesh/js/plugins/rsslider/layers.css]
[phpstack-127012-364689.cloudwaysapps.com/meshjobs/mesh/js/plugins/rsslider/navigation.css]
[phpstack-127012-364689.cloudwaysapps.com/meshjobs/mesh/js/plugins/jquery-ui/jquery-ui.css]
[phpstack-127012-364689.cloudwaysapps.com/meshjobs/mesh/js/plugins/bootstrap-slider/bootstrap-slider.css]
[phpstack-127012-364689.cloudwaysapps.com/meshjobs/mesh/js/plugins/owl/owl.carousel.css]
[phpstack-127012-364689.cloudwaysapps.com/meshjobs/mesh/css/main.css]
[phpstack-127012-364689.cloudwaysapps.com/meshjobs/mesh/images/sliderbg1.jpg]
[phpstack-127012-364689.cloudwaysapps.com/meshjobs/mesh/css/style.css]
[phpstack-127012-364689.cloudwaysapps.com/meshjobs/mesh/images/left-line.jpg]
[phpstack-127012-364689.cloudwaysapps.com/meshjobs/mesh/js/plugins/ckeditor/ckeditor.js]
[phpstack-127012-364689.cloudwaysapps.com/meshjobs/mesh/images/sliderbg2.jpg]
[phpstack-127012-364689.cloudwaysapps.com/meshjobs/mesh/images/profilepic1.jpg]
[phpstack-127012-364689.cloudwaysapps.com/meshjobs/mesh/images/profilepic3.jpg]
[phpstack-127012-364689.cloudwaysapps.com/meshjobs/mesh/images/profilepic5.jpg]
[phpstack-127012-364689.cloudwaysapps.com/meshjobs/mesh/images/profilepic6.jpg]
[phpstack-127012-364689.cloudwaysapps.com/meshjobs/mesh/images/count1.png]
[phpstack-127012-364689.cloudwaysapps.com/meshjobs/mesh/images/count2.png]
[phpstack-127012-364689.cloudwaysapps.com/meshjobs/mesh/images/count3.png]
[phpstack-127012-364689.cloudwaysapps.com/meshjobs/mesh/images/count4.png]
[phpstack-127012-364689.cloudwaysapps.com/meshjobs/mesh/images/applepc1.jpg]
[phpstack-127012-364689.cloudwaysapps.com/meshjobs/mesh/images/clientlogo1.png]
[phpstack-127012-364689.cloudwaysapps.com/meshjobs/mesh/images/clientlogo2.png]
[phpstack-127012-364689.cloudwaysapps.com/meshjobs/mesh/images/clientlogo3.png]
[phpstack-127012-364689.cloudwaysapps.com/meshjobs/mesh/images/clientlogo4.png]
[phpstack-127012-364689.cloudwaysapps.com/meshjobs/mesh/images/clientlogo5.png]
[phpstack-127012-364689.cloudwaysapps.com/meshjobs/mesh/images/clientlogo6.png]
[phpstack-127012-364689.cloudwaysapps.com/meshjobs/mesh/images/clientlogo7.png]
[phpstack-127012-364689.cloudwaysapps.com/meshjobs/mesh/images/clientlogo8.png]
[phpstack-127012-364689.cloudwaysapps.com/meshjobs/mesh/images/applepc.jpg]
[phpstack-127012-364689.cloudwaysapps.com/meshjobs/mesh/images/quote.png]
[phpstack-127012-364689.cloudwaysapps.com/meshjobs/mesh/images/testimonial1.jpg]
[phpstack-127012-364689.cloudwaysapps.com/meshjobs/mesh/images/testimonial2.jpg]
[phpstack-127012-364689.cloudwaysapps.com/meshjobs/mesh/images/mockup.png]
[phpstack-127012-364689.cloudwaysapps.com/meshjobs/mesh/images/recent_article1.jpg]
[phpstack-127012-364689.cloudwaysapps.com/meshjobs/mesh/images/recent_article2.jpg]
[phpstack-127012-364689.cloudwaysapps.com/meshjobs/mesh/images/recent_article3.jpg]
[phpstack-127012-364689.cloudwaysapps.com/meshjobs/mesh/index.html]
[phpstack-127012-364689.cloudwaysapps.com/meshjobs/mesh/jobs.html]
[phpstack-127012-364689.cloudwaysapps.com/meshjobs/mesh/images/page_title2.jpg]
[phpstack-127012-364689.cloudwaysapps.com/meshjobs/mesh/jobs_location.html]
[phpstack-127012-364689.cloudwaysapps.com/meshjobs/mesh/js/gmaps.js]
[phpstack-127012-364689.cloudwaysapps.com/meshjobs/mesh/images/page_title1.jpg]
[phpstack-127012-364689.cloudwaysapps.com/meshjobs/mesh/images/logo1.png]
[phpstack-127012-364689.cloudwaysapps.com/meshjobs/mesh/images/videoimg1.jpg]
[phpstack-127012-364689.cloudwaysapps.com/meshjobs/mesh/job_detail.html]
[phpstack-127012-364689.cloudwaysapps.com/meshjobs/mesh/images/cross_white.png]
[phpstack-127012-364689.cloudwaysapps.com/meshjobs/mesh/images/envato_logo.png]
[phpstack-127012-364689.cloudwaysapps.com/meshjobs/mesh/post_job.html]
[phpstack-127012-364689.cloudwaysapps.com/meshjobs/mesh/post_resume.html]
[phpstack-127012-364689.cloudwaysapps.com/meshjobs/mesh/resume_preview.html]
[phpstack-127012-364689.cloudwaysapps.com/meshjobs/mesh/choose_package.html]
[phpstack-127012-364689.cloudwaysapps.com/meshjobs/mesh/cart.html]
[phpstack-127012-364689.cloudwaysapps.com/meshjobs/mesh/candidates.html]
[phpstack-127012-364689.cloudwaysapps.com/meshjobs/mesh/candidates_detail.html]
[phpstack-127012-364689.cloudwaysapps.com/meshjobs/mesh/checkout.html]
[phpstack-127012-364689.cloudwaysapps.com/meshjobs/mesh/images/recent_article4.jpg]
[phpstack-127012-364689.cloudwaysapps.com/meshjobs/mesh/images/recent_article5.jpg]
[phpstack-127012-364689.cloudwaysapps.com/meshjobs/mesh/images/recent_article7.jpg]
[phpstack-127012-364689.cloudwaysapps.com/meshjobs/mesh/images/recent_article9.jpg]
[phpstack-127012-364689.cloudwaysapps.com/meshjobs/mesh/images/recent_article10.jpg]
[phpstack-127012-364689.cloudwaysapps.com/meshjobs/mesh/images/recent_article11.jpg]
[phpstack-127012-364689.cloudwaysapps.com/meshjobs/mesh/blog_fullwidth.html]
[phpstack-127012-364689.cloudwaysapps.com/meshjobs/mesh/images/blog2.jpg]
[phpstack-127012-364689.cloudwaysapps.com/meshjobs/mesh/images/blog1.jpg]
[phpstack-127012-364689.cloudwaysapps.com/meshjobs/mesh/images/fliker1.jpg]
[phpstack-127012-364689.cloudwaysapps.com/meshjobs/mesh/images/fliker2.jpg]
[phpstack-127012-364689.cloudwaysapps.com/meshjobs/mesh/images/fliker3.jpg]
[phpstack-127012-364689.cloudwaysapps.com/meshjobs/mesh/images/fliker4.jpg]
[phpstack-127012-364689.cloudwaysapps.com/meshjobs/mesh/images/fliker6.jpg]
[phpstack-127012-364689.cloudwaysapps.com/meshjobs/mesh/blog_sidebar.html]
[phpstack-127012-364689.cloudwaysapps.com/meshjobs/mesh/images/bloger1.jpg]
[phpstack-127012-364689.cloudwaysapps.com/meshjobs/mesh/images/comment1.jpg]
[phpstack-127012-364689.cloudwaysapps.com/meshjobs/mesh/images/comment2.jpg]
[phpstack-127012-364689.cloudwaysapps.com/meshjobs/mesh/images/comment3.jpg]
[phpstack-127012-364689.cloudwaysapps.com/meshjobs/mesh/blog_single.html]
[phpstack-127012-364689.cloudwaysapps.com/meshjobs/mesh/images/gallery1.jpg]
[phpstack-127012-364689.cloudwaysapps.com/meshjobs/mesh/images/gallery2.jpg]
[phpstack-127012-364689.cloudwaysapps.com/meshjobs/mesh/images/gallery_big2.jpg]
[phpstack-127012-364689.cloudwaysapps.com/meshjobs/mesh/images/gallery3.jpg]
[phpstack-127012-364689.cloudwaysapps.com/meshjobs/mesh/images/gallery_big3.jpg]
[phpstack-127012-364689.cloudwaysapps.com/meshjobs/mesh/images/gallery4.jpg]
[phpstack-127012-364689.cloudwaysapps.com/meshjobs/mesh/images/gallery_big4.jpg]
[phpstack-127012-364689.cloudwaysapps.com/meshjobs/mesh/images/gallery5.jpg]
[phpstack-127012-364689.cloudwaysapps.com/meshjobs/mesh/images/gallery_big5.jpg]
[phpstack-127012-364689.cloudwaysapps.com/meshjobs/mesh/images/gallery6.jpg]
[phpstack-127012-364689.cloudwaysapps.com/meshjobs/mesh/images/gallery_big6.jpg]
[phpstack-127012-364689.cloudwaysapps.com/meshjobs/mesh/images/gallery7.jpg]
[phpstack-127012-364689.cloudwaysapps.com/meshjobs/mesh/images/gallery_big7.jpg]
[phpstack-127012-364689.cloudwaysapps.com/meshjobs/mesh/images/gallery8.jpg]
[phpstack-127012-364689.cloudwaysapps.com/meshjobs/mesh/images/gallery_big8.jpg]
[phpstack-127012-364689.cloudwaysapps.com/meshjobs/mesh/images/gallery9.jpg]
[phpstack-127012-364689.cloudwaysapps.com/meshjobs/mesh/images/gallery_big9.jpg]
[phpstack-127012-364689.cloudwaysapps.com/meshjobs/mesh/gallery.html]
[phpstack-127012-364689.cloudwaysapps.com/meshjobs/mesh/images/team2.jpg]
[phpstack-127012-364689.cloudwaysapps.com/meshjobs/mesh/images/team4.jpg]
[phpstack-127012-364689.cloudwaysapps.com/meshjobs/mesh/images/team5.jpg]
[phpstack-127012-364689.cloudwaysapps.com/meshjobs/mesh/images/team6.jpg]
[phpstack-127012-364689.cloudwaysapps.com/meshjobs/mesh/images/team7.jpg]
[phpstack-127012-364689.cloudwaysapps.com/meshjobs/mesh/images/team8.jpg]
[phpstack-127012-364689.cloudwaysapps.com/meshjobs/mesh/images/team9.jpg]
[phpstack-127012-364689.cloudwaysapps.com/meshjobs/mesh/team.html]
[phpstack-127012-364689.cloudwaysapps.com/meshjobs/mesh/images/work_icon1.jpg]
[phpstack-127012-364689.cloudwaysapps.com/meshjobs/mesh/images/work_icon2.jpg]
[phpstack-127012-364689.cloudwaysapps.com/meshjobs/mesh/images/work_icon3.jpg]
[phpstack-127012-364689.cloudwaysapps.com/meshjobs/mesh/images/work_icon4.jpg]
[phpstack-127012-364689.cloudwaysapps.com/meshjobs/mesh/images/work_icon5.jpg]
[phpstack-127012-364689.cloudwaysapps.com/meshjobs/mesh/work.html]
[phpstack-127012-364689.cloudwaysapps.com/meshjobs/mesh/images/page_title3.jpg]
[phpstack-127012-364689.cloudwaysapps.com/meshjobs/mesh/companies.html]
[phpstack-127012-364689.cloudwaysapps.com/meshjobs/mesh/images/contact_icon1.jpg]
[phpstack-127012-364689.cloudwaysapps.com/meshjobs/mesh/images/contact_icon2.jpg]
[phpstack-127012-364689.cloudwaysapps.com/meshjobs/mesh/images/contact_icon3.jpg]
[phpstack-127012-364689.cloudwaysapps.com/meshjobs/mesh/contact.html]
[phpstack-127012-364689.cloudwaysapps.com/meshjobs/mesh/images/sliderbg3.jpg]
[phpstack-127012-364689.cloudwaysapps.com/meshjobs/mesh/images/sliderbg4.jpg]
[phpstack-127012-364689.cloudwaysapps.com/meshjobs/mesh/images/fp1.jpg]
[phpstack-127012-364689.cloudwaysapps.com/meshjobs/mesh/images/fp2.jpg]
[phpstack-127012-364689.cloudwaysapps.com/meshjobs/mesh/images/fp3.jpg]
[phpstack-127012-364689.cloudwaysapps.com/meshjobs/mesh/images/fp4.jpg]
[phpstack-127012-364689.cloudwaysapps.com/meshjobs/mesh/images/fp6.jpg]
[phpstack-127012-364689.cloudwaysapps.com/meshjobs/mesh/images/fp7.jpg]
[phpstack-127012-364689.cloudwaysapps.com/meshjobs/mesh/images/pro_cat1.jpg]
[phpstack-127012-364689.cloudwaysapps.com/meshjobs/mesh/images/pro_cat2.jpg]
[phpstack-127012-364689.cloudwaysapps.com/meshjobs/mesh/images/pro_cat4.jpg]
[phpstack-127012-364689.cloudwaysapps.com/meshjobs/mesh/images/pro_cat5.jpg]
[phpstack-127012-364689.cloudwaysapps.com/meshjobs/mesh/images/lnt1.jpg]
[phpstack-127012-364689.cloudwaysapps.com/meshjobs/mesh/images/lnt3.jpg]
[phpstack-127012-364689.cloudwaysapps.com/meshjobs/mesh/images/lnt4.jpg]
[phpstack-127012-364689.cloudwaysapps.com/meshjobs/mesh/images/lnt5.jpg]
[phpstack-127012-364689.cloudwaysapps.com/meshjobs/mesh/images/lnt6.jpg]
[phpstack-127012-364689.cloudwaysapps.com/meshjobs/mesh/images/prtnr2.jpg]
[phpstack-127012-364689.cloudwaysapps.com/meshjobs/mesh/images/prtnr3.jpg]
[phpstack-127012-364689.cloudwaysapps.com/meshjobs/mesh/images/prtnr4.jpg]
[phpstack-127012-364689.cloudwaysapps.com/meshjobs/mesh/images/prtnr5.jpg]
[phpstack-127012-364689.cloudwaysapps.com/meshjobs/mesh/images/foot_img1.jpg]
[phpstack-127012-364689.cloudwaysapps.com/meshjobs/mesh/images/foot_img2.jpg]
[phpstack-127012-364689.cloudwaysapps.com/meshjobs/mesh/images/foot_img3.jpg]
[phpstack-127012-364689.cloudwaysapps.com/meshjobs/mesh/images/foot_img4.jpg]
[phpstack-127012-364689.cloudwaysapps.com/meshjobs/mesh/images/foot_img5.jpg]
[phpstack-127012-364689.cloudwaysapps.com/meshjobs/mesh/shop_index.html]
[phpstack-127012-364689.cloudwaysapps.com/meshjobs/mesh/js/plugins/rsslider/revolution.extension.actions.min.js]
[phpstack-127012-364689.cloudwaysapps.com/meshjobs/mesh/images/rvsb1.jpg]
[phpstack-127012-364689.cloudwaysapps.com/meshjobs/mesh/images/rvsb2.jpg]
[phpstack-127012-364689.cloudwaysapps.com/meshjobs/mesh/images/rvsb3.jpg]
[phpstack-127012-364689.cloudwaysapps.com/meshjobs/mesh/product.html]
[phpstack-127012-364689.cloudwaysapps.com/meshjobs/mesh/images/pst1.jpg]
[phpstack-127012-364689.cloudwaysapps.com/meshjobs/mesh/images/pst2.jpg]
[phpstack-127012-364689.cloudwaysapps.com/meshjobs/mesh/images/pst3.jpg]
[phpstack-127012-364689.cloudwaysapps.com/meshjobs/mesh/images/pst4.jpg]
[phpstack-127012-364689.cloudwaysapps.com/meshjobs/mesh/images/ps1.jpg]
[phpstack-127012-364689.cloudwaysapps.com/meshjobs/mesh/product_single.html]
[phpstack-127012-364689.cloudwaysapps.com/meshjobs/mesh/create_account.html]
[phpstack-127012-364689.cloudwaysapps.com/meshjobs/mesh/freelancer_account.html]
[phpstack-127012-364689.cloudwaysapps.com/meshjobs/mesh/login.html]
[phpstack-127012-364689.cloudwaysapps.com/meshjobs/mesh/error.html]
[phpstack-127012-364689.cloudwaysapps.com/meshjobs/mesh/js/plugins/rsslider/revolution.extension.layeranimation.min.js]
[phpstack-127012-364689.cloudwaysapps.com/meshjobs/mesh/js/jquery.mixitup.js]
[phpstack-127012-364689.cloudwaysapps.com/meshjobs/mesh/fonts/glyphicons-halflings-regular.eot]
[phpstack-127012-364689.cloudwaysapps.com/meshjobs/mesh/fonts/glyphicons-halflings-regulard41d.eot]
[phpstack-127012-364689.cloudwaysapps.com/meshjobs/mesh/fonts/glyphicons-halflings-regular.woff]
[phpstack-127012-364689.cloudwaysapps.com/meshjobs/mesh/fonts/glyphicons-halflings-regular.ttf]
[phpstack-127012-364689.cloudwaysapps.com/meshjobs/mesh/css/bootstrap.css]
[phpstack-127012-364689.cloudwaysapps.com/meshjobs/mesh/fonts/fontawesome-webfont93e3.eot]
[phpstack-127012-364689.cloudwaysapps.com/meshjobs/mesh/fonts/fontawesome-webfontd41d.eot]
[phpstack-127012-364689.cloudwaysapps.com/meshjobs/mesh/fonts/fontawesome-webfont93e3.woff]
[phpstack-127012-364689.cloudwaysapps.com/meshjobs/mesh/css/font-awesome.css]
[phpstack-127012-364689.cloudwaysapps.com/meshjobs/mesh/fonts/FiraSans-ExtraLight.woff]
[phpstack-127012-364689.cloudwaysapps.com/meshjobs/mesh/js/plugins/jquery-ui/jquery-ui.js]
[phpstack-127012-364689.cloudwaysapps.com/meshjobs/mesh/fonts/FiraSans-ExtraLight.ttf]
[phpstack-127012-364689.cloudwaysapps.com/meshjobs/mesh/fonts/FiraSans-UltraLight.eot]
[phpstack-127012-364689.cloudwaysapps.com/meshjobs/mesh/fonts/FiraSans-UltraLight.woff]
[phpstack-127012-364689.cloudwaysapps.com/meshjobs/mesh/fonts/FiraSans-UltraLight.ttf]
[phpstack-127012-364689.cloudwaysapps.com/meshjobs/mesh/fonts/FiraSans-Light.eot]
[phpstack-127012-364689.cloudwaysapps.com/meshjobs/mesh/fonts/FiraSans-Light.woff]
[phpstack-127012-364689.cloudwaysapps.com/meshjobs/mesh/fonts/FiraSans-Light.ttf]
[phpstack-127012-364689.cloudwaysapps.com/meshjobs/mesh/fonts/FiraSans-Regular.eot]
[phpstack-127012-364689.cloudwaysapps.com/meshjobs/mesh/fonts/FiraSans-Regular.woff]
[phpstack-127012-364689.cloudwaysapps.com/meshjobs/mesh/fonts/FiraSans-Regular.ttf]
[phpstack-127012-364689.cloudwaysapps.com/meshjobs/mesh/css/fonts.css]
[phpstack-127012-364689.cloudwaysapps.com/meshjobs/mesh/css/animate.css]
[phpstack-127012-364689.cloudwaysapps.com/meshjobs/mesh/js/plugins/fancybox/fancybox_sprite.png]
[phpstack-127012-364689.cloudwaysapps.com/meshjobs/mesh/js/plugins/fancybox/fancybox_loading.gif]
[phpstack-127012-364689.cloudwaysapps.com/meshjobs/mesh/js/plugins/fancybox/blank.gif]
[phpstack-127012-364689.cloudwaysapps.com/meshjobs/mesh/js/plugins/fancybox/fancybox_overlay.png]
[phpstack-127012-364689.cloudwaysapps.com/meshjobs/mesh/js/plugins/fancybox/fancybox_sprite@2x.png]
[phpstack-127012-364689.cloudwaysapps.com/meshjobs/mesh/js/plugins/fancybox/jquery.fancybox.css]
[phpstack-127012-364689.cloudwaysapps.com/meshjobs/mesh/js/plugins/fancybox/fancybox_loading@2x.gif]
[phpstack-127012-364689.cloudwaysapps.com/meshjobs/mesh/js/plugins/fonts/revicons/revicons90c6.eot]
[phpstack-127012-364689.cloudwaysapps.com/meshjobs/mesh/js/plugins/fonts/revicons/revicons90c6.woff]
[phpstack-127012-364689.cloudwaysapps.com/meshjobs/mesh/js/plugins/fonts/revicons/revicons90c6.ttf]
[phpstack-127012-364689.cloudwaysapps.com/meshjobs/mesh/js/plugins/fonts/revicons/revicons90c6.svg]
[phpstack-127012-364689.cloudwaysapps.com/meshjobs/mesh/js/plugins/rsslider/openhand.cur]
[phpstack-127012-364689.cloudwaysapps.com/meshjobs/mesh/js/plugins/rsslider/closedhand.cur]
[phpstack-127012-364689.cloudwaysapps.com/meshjobs/mesh/js/plugins/assets/gridtile.png]
[phpstack-127012-364689.cloudwaysapps.com/meshjobs/mesh/js/plugins/assets/gridtile_white.png]
[phpstack-127012-364689.cloudwaysapps.com/meshjobs/mesh/js/plugins/assets/gridtile_3x3.png]
[phpstack-127012-364689.cloudwaysapps.com/meshjobs/mesh/js/plugins/assets/gridtile_3x3_white.png]
[phpstack-127012-364689.cloudwaysapps.com/meshjobs/mesh/js/plugins/images/gradient/g30.png]
[phpstack-127012-364689.cloudwaysapps.com/meshjobs/mesh/js/plugins/images/gradient/g40.png]
[phpstack-127012-364689.cloudwaysapps.com/meshjobs/mesh/js/plugins/assets/coloredbg.png]
[phpstack-127012-364689.cloudwaysapps.com/meshjobs/mesh/js/plugins/assets/loader.gif]
[phpstack-127012-364689.cloudwaysapps.com/meshjobs/mesh/js/plugins/rsslider/settings.css]
[phpstack-127012-364689.cloudwaysapps.com/meshjobs/mesh/js/plugins/rsslider/layers.css]
[phpstack-127012-364689.cloudwaysapps.com/meshjobs/mesh/js/plugins/rsslider/navigation.css]
[phpstack-127012-364689.cloudwaysapps.com/meshjobs/mesh/js/plugins/jquery-ui/images/ui-bg_highlight-soft_100_eeeeee_1x100.png]
[phpstack-127012-364689.cloudwaysapps.com/meshjobs/mesh/js/plugins/jquery-ui/images/ui-bg_gloss-wave_35_f6a828_500x100.png]
[phpstack-127012-364689.cloudwaysapps.com/meshjobs/mesh/js/plugins/jquery-ui/images/ui-bg_glass_100_fdf5ce_1x400.png]
[phpstack-127012-364689.cloudwaysapps.com/meshjobs/mesh/js/plugins/jquery-ui/images/ui-bg_glass_65_ffffff_1x400.png]
[phpstack-127012-364689.cloudwaysapps.com/meshjobs/mesh/js/plugins/jquery-ui/images/ui-bg_highlight-soft_75_ffe45c_1x100.png]
[phpstack-127012-364689.cloudwaysapps.com/meshjobs/mesh/js/plugins/jquery-ui/images/ui-bg_diagonals-thick_18_b81900_40x40.png]
[phpstack-127012-364689.cloudwaysapps.com/meshjobs/mesh/js/plugins/jquery-ui/images/ui-icons_222222_256x240.png]
[phpstack-127012-364689.cloudwaysapps.com/meshjobs/mesh/js/plugins/jquery-ui/images/ui-icons_ffffff_256x240.png]
[phpstack-127012-364689.cloudwaysapps.com/meshjobs/mesh/js/plugins/jquery-ui/images/ui-icons_ef8c08_256x240.png]
[phpstack-127012-364689.cloudwaysapps.com/meshjobs/mesh/js/plugins/jquery-ui/images/ui-icons_228ef1_256x240.png]
[phpstack-127012-364689.cloudwaysapps.com/meshjobs/mesh/js/plugins/jquery-ui/images/ui-icons_ffd27a_256x240.png]
[phpstack-127012-364689.cloudwaysapps.com/meshjobs/mesh/js/plugins/jquery-ui/images/ui-bg_diagonals-thick_20_666666_40x40.png]
[phpstack-127012-364689.cloudwaysapps.com/meshjobs/mesh/js/plugins/jquery-ui/images/ui-bg_flat_10_000000_40x100.png]
[phpstack-127012-364689.cloudwaysapps.com/meshjobs/mesh/js/plugins/jquery-ui/jquery-ui.css]
[phpstack-127012-364689.cloudwaysapps.com/meshjobs/mesh/js/plugins/bootstrap-slider/bootstrap-slider.css]
[phpstack-127012-364689.cloudwaysapps.com/meshjobs/mesh/js/plugins/images/icon/owl.video.play.png]
[phpstack-127012-364689.cloudwaysapps.com/meshjobs/mesh/js/plugins/owl/owl.carousel.css]
[phpstack-127012-364689.cloudwaysapps.com/meshjobs/mesh/images/white_arrow_small.png]
[phpstack-127012-364689.cloudwaysapps.com/meshjobs/mesh/images/line.png]
[phpstack-127012-364689.cloudwaysapps.com/meshjobs/mesh/images/gray_triangle.png]
[phpstack-127012-364689.cloudwaysapps.com/meshjobs/mesh/images/hotdeals.jpg]
[phpstack-127012-364689.cloudwaysapps.com/meshjobs/mesh/images/mapshadow.png]
[phpstack-127012-364689.cloudwaysapps.com/meshjobs/mesh/images/black_arrow.png]
[phpstack-127012-364689.cloudwaysapps.com/meshjobs/mesh/images/blog_qoute.jpg]
[phpstack-127012-364689.cloudwaysapps.com/meshjobs/mesh/images/circle_blue.png]
[phpstack-127012-364689.cloudwaysapps.com/meshjobs/mesh/images/error-logo-left1.png]
[phpstack-127012-364689.cloudwaysapps.com/meshjobs/mesh/images/error-logo-right1.png]
[phpstack-127012-364689.cloudwaysapps.com/meshjobs/mesh/images/white_arrow.png]
[phpstack-127012-364689.cloudwaysapps.com/meshjobs/mesh/images/icon-calendar.png]
[phpstack-127012-364689.cloudwaysapps.com/meshjobs/mesh/images/select_black.png]
[phpstack-127012-364689.cloudwaysapps.com/meshjobs/mesh/css/style.css]
[phpstack-127012-364689.cloudwaysapps.com/meshjobs/mesh/images/candidate_img.jpg]
[phpstack-127012-364689.cloudwaysapps.com/meshjobs/mesh/images/card.png]
[phpstack-127012-364689.cloudwaysapps.com/meshjobs/mesh/images/paypal.png]
[phpstack-127012-364689.cloudwaysapps.com/meshjobs/mesh/checkout.html]
[phpstack-127012-364689.cloudwaysapps.com/meshjobs/mesh/images/recent_article8.jpg]
[phpstack-127012-364689.cloudwaysapps.com/meshjobs/mesh/images/fliker5.jpg]
[phpstack-127012-364689.cloudwaysapps.com/meshjobs/mesh/images/recent_article6.jpg]
[phpstack-127012-364689.cloudwaysapps.com/meshjobs/mesh/images/gallery_big1.jpg]
[phpstack-127012-364689.cloudwaysapps.com/meshjobs/mesh/images/team1.jpg]
[phpstack-127012-364689.cloudwaysapps.com/meshjobs/mesh/images/team3.jpg]
[phpstack-127012-364689.cloudwaysapps.com/meshjobs/mesh/images/fp5.jpg]
[phpstack-127012-364689.cloudwaysapps.com/meshjobs/mesh/images/pro_cat3.jpg]
[phpstack-127012-364689.cloudwaysapps.com/meshjobs/mesh/images/lnt2.jpg]
[phpstack-127012-364689.cloudwaysapps.com/meshjobs/mesh/images/prtnr1.jpg]
[phpstack-127012-364689.cloudwaysapps.com/meshjobs/mesh/fonts/glyphicons-halflings-regular.html]
[phpstack-127012-364689.cloudwaysapps.com/meshjobs/mesh/js/plugins/rsslider/revolution.extension.navigation.min.js]
[phpstack-127012-364689.cloudwaysapps.com/meshjobs/mesh/fonts/fontawesome-webfont93e3.ttf]
[phpstack-127012-364689.cloudwaysapps.com/meshjobs/mesh/fonts/fontawesome-webfont93e3.svg]
[phpstack-127012-364689.cloudwaysapps.com/meshjobs/mesh/fonts/FiraSans-ExtraLight.eot]
[phpstack-127012-364689.cloudwaysapps.com/meshjobs/mesh/fonts/FiraSans-ExtraLight.svg]
[phpstack-127012-364689.cloudwaysapps.com/meshjobs/mesh/fonts/FiraSans-UltraLight.svg]
[phpstack-127012-364689.cloudwaysapps.com/meshjobs/mesh/fonts/FiraSans-Light.svg]
[phpstack-127012-364689.cloudwaysapps.com/meshjobs/mesh/fonts/FiraSans-Regular.svg]
[phpstack-127012-364689.cloudwaysapps.com/meshjobs/mesh/js/plugins/fonts/revicons/revicons90c6.html]
[phpstack-127012-364689.cloudwaysapps.com/meshjobs/mesh/js/plugins/fonts/revicons/revicons90c6-2.html]
[phpstack-127012-364689.cloudwaysapps.com/meshjobs/mesh/js/plugins/fonts/revicons/revicons90c6-3.html]
[phpstack-127012-364689.cloudwaysapps.com/meshjobs/mesh/js/plugins/fonts/revicons/revicons90c6-4.html]
[phpstack-127012-364689.cloudwaysapps.com/meshjobs/mesh/js/plugins/rsslider/openhand.html]
[phpstack-127012-364689.cloudwaysapps.com/meshjobs/mesh/js/plugins/rsslider/closedhand.html]
[phpstack-127012-364689.cloudwaysapps.com/meshjobs/mesh/js/plugins/assets/gridtile.html]
[phpstack-127012-364689.cloudwaysapps.com/meshjobs/mesh/js/plugins/assets/gridtile_white.html]
[phpstack-127012-364689.cloudwaysapps.com/meshjobs/mesh/js/plugins/assets/gridtile_3x3.html]
[phpstack-127012-364689.cloudwaysapps.com/meshjobs/mesh/js/plugins/assets/gridtile_3x3_white.html]
[phpstack-127012-364689.cloudwaysapps.com/meshjobs/mesh/js/plugins/images/gradient/g30.html]
[phpstack-127012-364689.cloudwaysapps.com/meshjobs/mesh/js/plugins/images/gradient/g40.html]
[phpstack-127012-364689.cloudwaysapps.com/meshjobs/mesh/js/plugins/assets/coloredbg.html]
[phpstack-127012-364689.cloudwaysapps.com/meshjobs/mesh/js/plugins/assets/loader.html]
[phpstack-127012-364689.cloudwaysapps.com/meshjobs/mesh/js/plugins/images/icon/owl.video.play.html]
[phpstack-127012-364689.cloudwaysapps.com/meshjobs/mesh/js/plugins/jquery-ui/images/ui-bg_glass_100_f6f6f6_1x400.png]
[phpstack-127012-364689.cloudwaysapps.com/meshjobs/mesh/images/blurbg.jpg]
[phpstack-127012-364689.cloudwaysapps.com/meshjobs/mesh/images/profilepic2.jpg]
[phpstack-127012-364689.cloudwaysapps.com/meshjobs/mesh/fonts/glyphicons-halflings-regular.svg]
[phpstack-127012-364689.cloudwaysapps.com/meshjobs/mesh/fonts/fontawesome-webfont93e3.woff2]
[phpstack-127012-364689.cloudwaysapps.com/meshjobs/mesh/images/login_head.jpg]
[phpstack-127012-364689.cloudwaysapps.com/meshjobs/mesh/images/profilepic4.jpg]
